WORKDIR C:\Users\BAIJUN~1\AppData\Local\Temp\drc-probe-timing-ehqg69g3
PORTS ['62186', '62187', '62188', '62189', '62190', '62191', '62192', '62193']
OPEN_READY EL5_MIAN_FPC.brd: lck_holder=None exclusive=True
S1: arcs=113 routes=747 markers=93
LIC S1: 'ERROR RuntimeError(\'("sstatus" 0 t nil ("*Error* sstatus: too many arguments (2 expected, 3 given)" (format nil axlLicIsProductEnabled(\\\'all))))\')'
SAVE F1: result='probe_d_F1' exists=True size=5488280
F1_SHA256 9e948b618a5db4f5ba8e184d15e0c33791259afed1fbd88d62c5907a9d34c30d
S1 closed (terminate) +0.3s after save
LMSTAT POST_S1_TERMINATE: rc=0 kept=871 lines
LMSTAT POST_S1_TERMINATE | License server status: 5280@localhost
LMSTAT POST_S1_TERMINATE |  localhost: license server UP v11.13.1
LMSTAT POST_S1_TERMINATE | Vendor daemon status (on sz-baijunyan1):
LMSTAT POST_S1_TERMINATE | Users of 100:  (Total of 999 licenses issued;  Total of 0 licenses in use)
LMSTAT POST_S1_TERMINATE | Users of 111:  (Total of 999 licenses issued;  Total of 0 licenses in use)
LMSTAT POST_S1_TERMINATE | Users of 11400:  (Total of 999 licenses issued;  Total of 0 licenses in use)
LMSTAT POST_S1_TERMINATE | Users of 12141:  (Total of 999 licenses issued;  Total of 0 licenses in use)
LMSTAT POST_S1_TERMINATE | Users of 12500:  (Total of 999 licenses issued;  Total of 0 licenses in use)
LMSTAT POST_S1_TERMINATE | Users of 14000:  (Total of 999 licenses issued;  Total of 0 licenses in use)
LMSTAT POST_S1_TERMINATE | Users of 14010:  (Total of 999 licenses issued;  Total of 0 licenses in use)
LMSTAT POST_S1_TERMINATE | Users of 14020:  (Total of 999 licenses issued;  Total of 0 licenses in use)
LMSTAT POST_S1_TERMINATE | Users of 14040:  (Total of 999 licenses issued;  Total of 0 licenses in use)
LMSTAT POST_S1_TERMINATE | Users of 14101:  (Total of 999 licenses issued;  Total of 0 licenses in use)
LMSTAT POST_S1_TERMINATE | Users of 14111:  (Total of 999 licenses issued;  Total of 0 licenses in use)
LMSTAT POST_S1_TERMINATE | Users of 14120:  (Total of 999 licenses issued;  Total of 0 licenses in use)
LMSTAT POST_S1_TERMINATE | Users of 14130:  (Total of 999 licenses issued;  Total of 0 licenses in use)
LMSTAT POST_S1_TERMINATE | Users of 14140:  (Total of 999 licenses issued;  Total of 0 licenses in use)
LMSTAT POST_S1_TERMINATE | Users of 14410:  (Total of 999 licenses issued;  Total of 0 licenses in use)
LMSTAT POST_S1_TERMINATE | Users of 200:  (Total of 999 licenses issued;  Total of 0 licenses in use)
LMSTAT POST_S1_TERMINATE | Users of 20120:  (Total of 999 licenses issued;  Total of 0 licenses in use)
LMSTAT POST_S1_TERMINATE | Users of 20121:  (Total of 999 licenses issued;  Total of 0 licenses in use)
LMSTAT POST_S1_TERMINATE | Users of 20122:  (Total of 999 licenses issued;  Total of 0 licenses in use)
LMSTAT POST_S1_TERMINATE | Users of 20123:  (Total of 999 licenses issued;  Total of 0 licenses in use)
LMSTAT POST_S1_TERMINATE | Users of 20124:  (Total of 999 licenses issued;  Total of 0 licenses in use)
LMSTAT POST_S1_TERMINATE | Users of 20127:  (Total of 999 licenses issued;  Total of 0 licenses in use)
LMSTAT POST_S1_TERMINATE | Users of 20128:  (Total of 999 licenses issued;  Total of 0 licenses in use)
LMSTAT POST_S1_TERMINATE | Users of 20220:  (Total of 999 licenses issued;  Total of 0 licenses in use)
LMSTAT POST_S1_TERMINATE | Users of 20221:  (Total of 999 licenses issued;  Total of 0 licenses in use)
LMSTAT POST_S1_TERMINATE | Users of 20222:  (Total of 999 licenses issued;  Total of 0 licenses in use)
LMSTAT POST_S1_TERMINATE | Users of 20227:  (Total of 999 licenses issued;  Total of 0 licenses in use)
LMSTAT POST_S1_TERMINATE | Users of 206:  (Total of 999 licenses issued;  Total of 0 licenses in use)
LMSTAT POST_S1_TERMINATE | Users of 207:  (Total of 999 licenses issued;  Total of 0 licenses in use)
LMSTAT POST_S1_TERMINATE | Users of 21060:  (Total of 999 licenses issued;  Total of 0 licenses in use)
LMSTAT POST_S1_TERMINATE | Users of 21200:  (Total of 999 licenses issued;  Total of 0 licenses in use)
LMSTAT POST_S1_TERMINATE | Users of 21400:  (Total of 999 licenses issued;  Total of 0 licenses in use)
LMSTAT POST_S1_TERMINATE | Users of 21900:  (Total of 999 licenses issued;  Total of 0 licenses in use)
LMSTAT POST_S1_TERMINATE | Users of 21920:  (Total of 999 licenses issued;  Total of 0 licenses in use)
LMSTAT POST_S1_TERMINATE | Users of 22650:  (Total of 999 licenses issued;  Total of 0 licenses in use)
LMSTAT POST_S1_TERMINATE | Users of 22800:  (Total of 999 licenses issued;  Total of 0 licenses in use)
LMSTAT POST_S1_TERMINATE | Users of 22810:  (Total of 999 licenses issued;  Total of 0 licenses in use)
LMSTAT POST_S1_TERMINATE | Users of 24015:  (Total of 999 licenses issued;  Total of 0 licenses in use)
LMSTAT POST_S1_TERMINATE | Users of 24025:  (Total of 999 licenses issued;  Total of 0 licenses in use)
LMSTAT POST_S1_TERMINATE | Users of 24100:  (Total of 999 licenses issued;  Total of 0 licenses in use)
LMSTAT POST_S1_TERMINATE | Users of 24205:  (Total of 999 licenses issued;  Total of 0 licenses in use)
LMSTAT POST_S1_TERMINATE | Users of 250:  (Total of 999 licenses issued;  Total of 0 licenses in use)
LMSTAT POST_S1_TERMINATE | Users of 251:  (Total of 999 licenses issued;  Total of 0 licenses in use)
LMSTAT POST_S1_TERMINATE | Users of 26000:  (Total of 999 licenses issued;  Total of 0 licenses in use)
LMSTAT POST_S1_TERMINATE | Users of 274:  (Total of 999 licenses issued;  Total of 0 licenses in use)
LMSTAT POST_S1_TERMINATE | Users of 276:  (Total of 999 licenses issued;  Total of 0 licenses in use)
LMSTAT POST_S1_TERMINATE | Users of 279:  (Total of 999 licenses issued;  Total of 0 licenses in use)
LMSTAT POST_S1_TERMINATE | Users of 283:  (Total of 999 licenses issued;  Total of 0 licenses in use)
LMSTAT POST_S1_TERMINATE | Users of 300:  (Total of 999 licenses issued;  Total of 0 licenses in use)
LMSTAT POST_S1_TERMINATE | Users of 305:  (Total of 999 licenses issued;  Total of 0 licenses in use)
LMSTAT POST_S1_TERMINATE | Users of 312:  (Total of 999 licenses issued;  Total of 0 licenses in use)
LMSTAT POST_S1_TERMINATE | Users of 314:  (Total of 999 licenses issued;  Total of 0 licenses in use)
LMSTAT POST_S1_TERMINATE | Users of 316:  (Total of 999 licenses issued;  Total of 0 licenses in use)
LMSTAT POST_S1_TERMINATE | Users of 318:  (Total of 999 licenses issued;  Total of 0 licenses in use)
LMSTAT POST_S1_TERMINATE | Users of 32140:  (Total of 999 licenses issued;  Total of 0 licenses in use)
LMSTAT POST_S1_TERMINATE | Users of 32150:  (Total of 999 licenses issued;  Total of 0 licenses in use)
LMSTAT POST_S1_TERMINATE | Users of 32190:  (Total of 999 licenses issued;  Total of 0 licenses in use)
LMSTAT POST_S1_TERMINATE | Users of 322:  (Total of 999 licenses issued;  Total of 0 licenses in use)
LMSTAT POST_S1_TERMINATE | Users of 32500:  (Total of 999 licenses issued;  Total of 0 licenses in use)
LMSTAT POST_S1_TERMINATE | Users of 32501:  (Total of 999 licenses issued;  Total of 0 licenses in use)
LMSTAT POST_S1_TERMINATE | Users of 32502:  (Total of 999 licenses issued;  Total of 0 licenses in use)
LMSTAT POST_S1_TERMINATE | Users of 32510:  (Total of 999 licenses issued;  Total of 0 licenses in use)
LMSTAT POST_S1_TERMINATE | Users of 32550:  (Total of 999 licenses issued;  Total of 0 licenses in use)
LMSTAT POST_S1_TERMINATE | Users of 32600:  (Total of 999 licenses issued;  Total of 0 licenses in use)
LMSTAT POST_S1_TERMINATE | Users of 32610:  (Total of 999 licenses issued;  Total of 0 licenses in use)
LMSTAT POST_S1_TERMINATE | Users of 32620:  (Total of 999 licenses issued;  Total of 0 licenses in use)
LMSTAT POST_S1_TERMINATE | Users of 32630:  (Total of 999 licenses issued;  Total of 0 licenses in use)
LMSTAT POST_S1_TERMINATE | Users of 32640:  (Total of 999 licenses issued;  Total of 0 licenses in use)
LMSTAT POST_S1_TERMINATE | Users of 32760:  (Total of 999 licenses issued;  Total of 0 licenses in use)
LMSTAT POST_S1_TERMINATE | Users of 33010:  (Total of 999 licenses issued;  Total of 0 licenses in use)
LMSTAT POST_S1_TERMINATE | Users of 33301:  (Total of 999 licenses issued;  Total of 0 licenses in use)
LMSTAT POST_S1_TERMINATE | Users of 336:  (Total of 999 licenses issued;  Total of 0 licenses in use)
LMSTAT POST_S1_TERMINATE | Users of 34500:  (Total of 999 licenses issued;  Total of 0 licenses in use)
LMSTAT POST_S1_TERMINATE | Users of 34510:  (Total of 999 licenses issued;  Total of 0 licenses in use)
LMSTAT POST_S1_TERMINATE | Users of 365:  (Total of 999 licenses issued;  Total of 0 licenses in use)
LMSTAT POST_S1_TERMINATE | Users of 370:  (Total of 999 licenses issued;  Total of 0 licenses in use)
LMSTAT POST_S1_TERMINATE | Users of 371:  (Total of 999 licenses issued;  Total of 0 licenses in use)
LMSTAT POST_S1_TERMINATE | Users of 37100:  (Total of 999 licenses issued;  Total of 0 licenses in use)
LMSTAT POST_S1_TERMINATE | Users of 373:  (Total of 999 licenses issued;  Total of 0 licenses in use)
LMSTAT POST_S1_TERMINATE | Users of 40020:  (Total of 999 licenses issued;  Total of 0 licenses in use)
LMSTAT POST_S1_TERMINATE | Users of 40030:  (Total of 999 licenses issued;  Total of 0 licenses in use)
LMSTAT POST_S1_TERMINATE | Users of 40040:  (Total of 999 licenses issued;  Total of 0 licenses in use)
LMSTAT POST_S1_TERMINATE | Users of 40500:  (Total of 999 licenses issued;  Total of 0 licenses in use)
LMSTAT POST_S1_TERMINATE | Users of 41000:  (Total of 999 licenses issued;  Total of 0 licenses in use)
LMSTAT POST_S1_TERMINATE | Users of 50000:  (Total of 999 licenses issued;  Total of 0 licenses in use)
LMSTAT POST_S1_TERMINATE | Users of 50010:  (Total of 999 licenses issued;  Total of 0 licenses in use)
LMSTAT POST_S1_TERMINATE | Users of 501:  (Total of 999 licenses issued;  Total of 0 licenses in use)
LMSTAT POST_S1_TERMINATE | Users of 50110:  (Total of 999 licenses issued;  Total of 0 licenses in use)
LMSTAT POST_S1_TERMINATE | Users of 50200:  (Total of 999 licenses issued;  Total of 0 licenses in use)
LMSTAT POST_S1_TERMINATE | Users of 51022:  (Total of 999 licenses issued;  Total of 0 licenses in use)
LMSTAT POST_S1_TERMINATE | Users of 51023:  (Total of 999 licenses issued;  Total of 0 licenses in use)
LMSTAT POST_S1_TERMINATE | Users of 51060:  (Total of 999 licenses issued;  Total of 0 licenses in use)
LMSTAT POST_S1_TERMINATE | Users of 51070:  (Total of 999 licenses issued;  Total of 0 licenses in use)
LMSTAT POST_S1_TERMINATE | Users of 51170:  (Total of 999 licenses issued;  Total of 0 licenses in use)
LMSTAT POST_S1_TERMINATE | Users of 550:  (Total of 999 licenses issued;  Total of 0 licenses in use)
LMSTAT POST_S1_TERMINATE | Users of 570:  (Total of 999 licenses issued;  Total of 0 licenses in use)
LMSTAT POST_S1_TERMINATE | Users of 61300:  (Total of 999 licenses issued;  Total of 0 licenses in use)
LMSTAT POST_S1_TERMINATE | Users of 61400:  (Total of 999 licenses issued;  Total of 0 licenses in use)
LMSTAT POST_S1_TERMINATE | Users of 920:  (Total of 999 licenses issued;  Total of 0 licenses in use)
LMSTAT POST_S1_TERMINATE | Users of 940:  (Total of 999 licenses issued;  Total of 0 licenses in use)
LMSTAT POST_S1_TERMINATE | Users of 945:  (Total of 999 licenses issued;  Total of 0 licenses in use)
LMSTAT POST_S1_TERMINATE | Users of 950:  (Total of 999 licenses issued;  Total of 0 licenses in use)
LMSTAT POST_S1_TERMINATE | Users of 960:  (Total of 999 licenses issued;  Total of 0 licenses in use)
LMSTAT POST_S1_TERMINATE | Users of 963:  (Total of 999 licenses issued;  Total of 0 licenses in use)
LMSTAT POST_S1_TERMINATE | Users of 964:  (Total of 999 licenses issued;  Total of 0 licenses in use)
LMSTAT POST_S1_TERMINATE | Users of 965:  (Total of 999 licenses issued;  Total of 0 licenses in use)
LMSTAT POST_S1_TERMINATE | Users of 966:  (Total of 999 licenses issued;  Total of 0 licenses in use)
LMSTAT POST_S1_TERMINATE | Users of 972:  (Total of 999 licenses issued;  Total of 0 licenses in use)
LMSTAT POST_S1_TERMINATE | Users of 974:  (Total of 999 licenses issued;  Total of 0 licenses in use)
LMSTAT POST_S1_TERMINATE | Users of 991:  (Total of 999 licenses issued;  Total of 0 licenses in use)
LMSTAT POST_S1_TERMINATE | Users of 994:  (Total of 999 licenses issued;  Total of 0 licenses in use)
LMSTAT POST_S1_TERMINATE | Users of 995:  (Total of 999 licenses issued;  Total of 0 licenses in use)
LMSTAT POST_S1_TERMINATE | Users of ABIT:  (Total of 1998 licenses issued;  Total of 0 licenses in use)
LMSTAT POST_S1_TERMINATE | Users of ALL_EBD:  (Total of 1998 licenses issued;  Total of 0 licenses in use)
LMSTAT POST_S1_TERMINATE | Users of AMD_MACH:  (Total of 1998 licenses issued;  Total of 0 licenses in use)
LMSTAT POST_S1_TERMINATE | Users of AMS_environment:  (Total of 1998 licenses issued;  Total of 0 licenses in use)
LMSTAT POST_S1_TERMINATE | Users of ANALOG_WORKBENCH:  (Total of 1998 licenses issued;  Total of 0 licenses in use)
LMSTAT POST_S1_TERMINATE | Users of APD:  (Total of 1998 licenses issued;  Total of 0 licenses in use)
LMSTAT POST_S1_TERMINATE | Users of APR-HPPA:  (Total of 1998 licenses issued;  Total of 0 licenses in use)
LMSTAT POST_S1_TERMINATE | Users of AWBAA:  (Total of 1998 licenses issued;  Total of 0 licenses in use)
LMSTAT POST_S1_TERMINATE | Users of AWBAdvancedAnalysis:  (Total of 1998 licenses issued;  Total of 0 licenses in use)
LMSTAT POST_S1_TERMINATE | Users of AWBSimulator:  (Total of 1998 licenses issued;  Total of 0 licenses in use)
LMSTAT POST_S1_TERMINATE | Users of AWB_BEHAVIOR:  (Total of 1998 licenses issued;  Total of 0 licenses in use)
LMSTAT POST_S1_TERMINATE | Users of AWB_Batch:  (Total of 1998 licenses issued;  Total of 0 licenses in use)
LMSTAT POST_S1_TERMINATE | Users of AWB_DIST_SIM:  (Total of 1998 licenses issued;  Total of 0 licenses in use)
LMSTAT POST_S1_TERMINATE | Users of AWB_MAGAZINE:  (Total of 1998 licenses issued;  Total of 0 licenses in use)
LMSTAT POST_S1_TERMINATE | Users of AWB_MAGNETICS:  (Total of 1998 licenses issued;  Total of 0 licenses in use)
LMSTAT POST_S1_TERMINATE | Users of AWB_MIX:  (Total of 1998 licenses issued;  Total of 0 licenses in use)
LMSTAT POST_S1_TERMINATE | Users of AWB_PPLOT:  (Total of 1998 licenses issued;  Total of 0 licenses in use)
LMSTAT POST_S1_TERMINATE | Users of AWB_RESOLVE_OPT:  (Total of 1998 licenses issued;  Total of 0 licenses in use)
LMSTAT POST_S1_TERMINATE | Users of AWB_SIMULATOR:  (Total of 1998 licenses issued;  Total of 0 licenses in use)
LMSTAT POST_S1_TERMINATE | Users of AWB_SMOKE:  (Total of 1998 licenses issued;  Total of 0 licenses in use)
LMSTAT POST_S1_TERMINATE | Users of AWB_SPICEPLUS:  (Total of 1998 licenses issued;  Total of 0 licenses in use)
LMSTAT POST_S1_TERMINATE | Users of AWB_STATS:  (Total of 1998 licenses issued;  Total of 0 licenses in use)
LMSTAT POST_S1_TERMINATE | Users of Advanced_Package_Designer:  (Total of 1998 licenses issued;  Total of 0 licenses in use)
LMSTAT POST_S1_TERMINATE | Users of Advanced_Pkg_Engineer_3D:  (Total of 1998 licenses issued;  Total of 0 licenses in use)
LMSTAT POST_S1_TERMINATE | Users of Affirma_3rdParty_Sim_Interface:  (Total of 1998 licenses issued;  Total of 0 licenses in use)
LMSTAT POST_S1_TERMINATE | Users of Affirma_AMS_distrib_processing:  (Total of 1998 licenses issued;  Total of 0 licenses in use)
LMSTAT POST_S1_TERMINATE | Users of Affirma_NC_Simulator:  (Total of 1998 licenses issued;  Total of 0 licenses in use)
LMSTAT POST_S1_TERMINATE | Users of Affirma_RF_IC_package_modeler:  (Total of 1998 licenses issued;  Total of 0 licenses in use)
LMSTAT POST_S1_TERMINATE | Users of Affirma_RF_SPW_model_link:  (Total of 1998 licenses issued;  Total of 0 licenses in use)
LMSTAT POST_S1_TERMINATE | Users of Affirma_accel_transistor_sim:  (Total of 1998 licenses issued;  Total of 0 licenses in use)
LMSTAT POST_S1_TERMINATE | Users of Affirma_advanced_analysis_env:  (Total of 1998 licenses issued;  Total of 0 licenses in use)
LMSTAT POST_S1_TERMINATE | Users of Affirma_equiv_checker_prep:  (Total of 1998 licenses issued;  Total of 0 licenses in use)
LMSTAT POST_S1_TERMINATE | Users of Affirma_equivalence_checker:  (Total of 1998 licenses issued;  Total of 0 licenses in use)
LMSTAT POST_S1_TERMINATE | Users of Affirma_model_checker:  (Total of 1998 licenses issued;  Total of 0 licenses in use)
LMSTAT POST_S1_TERMINATE | Users of Affirma_model_packager_export:  (Total of 1998 licenses issued;  Total of 0 licenses in use)
PHASE1: sleeping 8.7s until F1 age 10s
TRIAL A1_age10s: launching (age_at_launch=10.0s after F1 save)
LMSTAT DURING_A1_age10s: rc=0 kept=871 lines
LMSTAT DURING_A1_age10s | License server status: 5280@localhost
LMSTAT DURING_A1_age10s |  localhost: license server UP v11.13.1
LMSTAT DURING_A1_age10s | Vendor daemon status (on sz-baijunyan1):
LMSTAT DURING_A1_age10s | Users of 100:  (Total of 999 licenses issued;  Total of 0 licenses in use)
LMSTAT DURING_A1_age10s | Users of 111:  (Total of 999 licenses issued;  Total of 0 licenses in use)
LMSTAT DURING_A1_age10s | Users of 11400:  (Total of 999 licenses issued;  Total of 0 licenses in use)
LMSTAT DURING_A1_age10s | Users of 12141:  (Total of 999 licenses issued;  Total of 0 licenses in use)
LMSTAT DURING_A1_age10s | Users of 12500:  (Total of 999 licenses issued;  Total of 0 licenses in use)
LMSTAT DURING_A1_age10s | Users of 14000:  (Total of 999 licenses issued;  Total of 0 licenses in use)
LMSTAT DURING_A1_age10s | Users of 14010:  (Total of 999 licenses issued;  Total of 0 licenses in use)
LMSTAT DURING_A1_age10s | Users of 14020:  (Total of 999 licenses issued;  Total of 0 licenses in use)
LMSTAT DURING_A1_age10s | Users of 14040:  (Total of 999 licenses issued;  Total of 0 licenses in use)
LMSTAT DURING_A1_age10s | Users of 14101:  (Total of 999 licenses issued;  Total of 0 licenses in use)
LMSTAT DURING_A1_age10s | Users of 14111:  (Total of 999 licenses issued;  Total of 0 licenses in use)
LMSTAT DURING_A1_age10s | Users of 14120:  (Total of 999 licenses issued;  Total of 0 licenses in use)
LMSTAT DURING_A1_age10s | Users of 14130:  (Total of 999 licenses issued;  Total of 0 licenses in use)
LMSTAT DURING_A1_age10s | Users of 14140:  (Total of 999 licenses issued;  Total of 0 licenses in use)
LMSTAT DURING_A1_age10s | Users of 14410:  (Total of 999 licenses issued;  Total of 0 licenses in use)
LMSTAT DURING_A1_age10s | Users of 200:  (Total of 999 licenses issued;  Total of 0 licenses in use)
LMSTAT DURING_A1_age10s | Users of 20120:  (Total of 999 licenses issued;  Total of 0 licenses in use)
LMSTAT DURING_A1_age10s | Users of 20121:  (Total of 999 licenses issued;  Total of 0 licenses in use)
LMSTAT DURING_A1_age10s | Users of 20122:  (Total of 999 licenses issued;  Total of 0 licenses in use)
LMSTAT DURING_A1_age10s | Users of 20123:  (Total of 999 licenses issued;  Total of 0 licenses in use)
LMSTAT DURING_A1_age10s | Users of 20124:  (Total of 999 licenses issued;  Total of 0 licenses in use)
LMSTAT DURING_A1_age10s | Users of 20127:  (Total of 999 licenses issued;  Total of 0 licenses in use)
LMSTAT DURING_A1_age10s | Users of 20128:  (Total of 999 licenses issued;  Total of 0 licenses in use)
LMSTAT DURING_A1_age10s | Users of 20220:  (Total of 999 licenses issued;  Total of 0 licenses in use)
LMSTAT DURING_A1_age10s | Users of 20221:  (Total of 999 licenses issued;  Total of 0 licenses in use)
LMSTAT DURING_A1_age10s | Users of 20222:  (Total of 999 licenses issued;  Total of 0 licenses in use)
LMSTAT DURING_A1_age10s | Users of 20227:  (Total of 999 licenses issued;  Total of 0 licenses in use)
LMSTAT DURING_A1_age10s | Users of 206:  (Total of 999 licenses issued;  Total of 0 licenses in use)
LMSTAT DURING_A1_age10s | Users of 207:  (Total of 999 licenses issued;  Total of 0 licenses in use)
LMSTAT DURING_A1_age10s | Users of 21060:  (Total of 999 licenses issued;  Total of 0 licenses in use)
LMSTAT DURING_A1_age10s | Users of 21200:  (Total of 999 licenses issued;  Total of 0 licenses in use)
LMSTAT DURING_A1_age10s | Users of 21400:  (Total of 999 licenses issued;  Total of 0 licenses in use)
LMSTAT DURING_A1_age10s | Users of 21900:  (Total of 999 licenses issued;  Total of 0 licenses in use)
LMSTAT DURING_A1_age10s | Users of 21920:  (Total of 999 licenses issued;  Total of 0 licenses in use)
LMSTAT DURING_A1_age10s | Users of 22650:  (Total of 999 licenses issued;  Total of 0 licenses in use)
LMSTAT DURING_A1_age10s | Users of 22800:  (Total of 999 licenses issued;  Total of 0 licenses in use)
LMSTAT DURING_A1_age10s | Users of 22810:  (Total of 999 licenses issued;  Total of 0 licenses in use)
LMSTAT DURING_A1_age10s | Users of 24015:  (Total of 999 licenses issued;  Total of 0 licenses in use)
LMSTAT DURING_A1_age10s | Users of 24025:  (Total of 999 licenses issued;  Total of 0 licenses in use)
LMSTAT DURING_A1_age10s | Users of 24100:  (Total of 999 licenses issued;  Total of 0 licenses in use)
LMSTAT DURING_A1_age10s | Users of 24205:  (Total of 999 licenses issued;  Total of 0 licenses in use)
LMSTAT DURING_A1_age10s | Users of 250:  (Total of 999 licenses issued;  Total of 0 licenses in use)
LMSTAT DURING_A1_age10s | Users of 251:  (Total of 999 licenses issued;  Total of 0 licenses in use)
LMSTAT DURING_A1_age10s | Users of 26000:  (Total of 999 licenses issued;  Total of 0 licenses in use)
LMSTAT DURING_A1_age10s | Users of 274:  (Total of 999 licenses issued;  Total of 0 licenses in use)
LMSTAT DURING_A1_age10s | Users of 276:  (Total of 999 licenses issued;  Total of 0 licenses in use)
LMSTAT DURING_A1_age10s | Users of 279:  (Total of 999 licenses issued;  Total of 0 licenses in use)
LMSTAT DURING_A1_age10s | Users of 283:  (Total of 999 licenses issued;  Total of 0 licenses in use)
LMSTAT DURING_A1_age10s | Users of 300:  (Total of 999 licenses issued;  Total of 0 licenses in use)
LMSTAT DURING_A1_age10s | Users of 305:  (Total of 999 licenses issued;  Total of 0 licenses in use)
LMSTAT DURING_A1_age10s | Users of 312:  (Total of 999 licenses issued;  Total of 0 licenses in use)
LMSTAT DURING_A1_age10s | Users of 314:  (Total of 999 licenses issued;  Total of 0 licenses in use)
LMSTAT DURING_A1_age10s | Users of 316:  (Total of 999 licenses issued;  Total of 0 licenses in use)
LMSTAT DURING_A1_age10s | Users of 318:  (Total of 999 licenses issued;  Total of 0 licenses in use)
LMSTAT DURING_A1_age10s | Users of 32140:  (Total of 999 licenses issued;  Total of 0 licenses in use)
LMSTAT DURING_A1_age10s | Users of 32150:  (Total of 999 licenses issued;  Total of 0 licenses in use)
LMSTAT DURING_A1_age10s | Users of 32190:  (Total of 999 licenses issued;  Total of 0 licenses in use)
LMSTAT DURING_A1_age10s | Users of 322:  (Total of 999 licenses issued;  Total of 0 licenses in use)
LMSTAT DURING_A1_age10s | Users of 32500:  (Total of 999 licenses issued;  Total of 0 licenses in use)
LMSTAT DURING_A1_age10s | Users of 32501:  (Total of 999 licenses issued;  Total of 0 licenses in use)
LMSTAT DURING_A1_age10s | Users of 32502:  (Total of 999 licenses issued;  Total of 0 licenses in use)
LMSTAT DURING_A1_age10s | Users of 32510:  (Total of 999 licenses issued;  Total of 0 licenses in use)
LMSTAT DURING_A1_age10s | Users of 32550:  (Total of 999 licenses issued;  Total of 0 licenses in use)
LMSTAT DURING_A1_age10s | Users of 32600:  (Total of 999 licenses issued;  Total of 0 licenses in use)
LMSTAT DURING_A1_age10s | Users of 32610:  (Total of 999 licenses issued;  Total of 0 licenses in use)
LMSTAT DURING_A1_age10s | Users of 32620:  (Total of 999 licenses issued;  Total of 0 licenses in use)
LMSTAT DURING_A1_age10s | Users of 32630:  (Total of 999 licenses issued;  Total of 0 licenses in use)
LMSTAT DURING_A1_age10s | Users of 32640:  (Total of 999 licenses issued;  Total of 0 licenses in use)
LMSTAT DURING_A1_age10s | Users of 32760:  (Total of 999 licenses issued;  Total of 0 licenses in use)
LMSTAT DURING_A1_age10s | Users of 33010:  (Total of 999 licenses issued;  Total of 0 licenses in use)
LMSTAT DURING_A1_age10s | Users of 33301:  (Total of 999 licenses issued;  Total of 0 licenses in use)
LMSTAT DURING_A1_age10s | Users of 336:  (Total of 999 licenses issued;  Total of 0 licenses in use)
LMSTAT DURING_A1_age10s | Users of 34500:  (Total of 999 licenses issued;  Total of 0 licenses in use)
LMSTAT DURING_A1_age10s | Users of 34510:  (Total of 999 licenses issued;  Total of 0 licenses in use)
LMSTAT DURING_A1_age10s | Users of 365:  (Total of 999 licenses issued;  Total of 0 licenses in use)
LMSTAT DURING_A1_age10s | Users of 370:  (Total of 999 licenses issued;  Total of 0 licenses in use)
LMSTAT DURING_A1_age10s | Users of 371:  (Total of 999 licenses issued;  Total of 0 licenses in use)
LMSTAT DURING_A1_age10s | Users of 37100:  (Total of 999 licenses issued;  Total of 0 licenses in use)
LMSTAT DURING_A1_age10s | Users of 373:  (Total of 999 licenses issued;  Total of 0 licenses in use)
LMSTAT DURING_A1_age10s | Users of 40020:  (Total of 999 licenses issued;  Total of 0 licenses in use)
LMSTAT DURING_A1_age10s | Users of 40030:  (Total of 999 licenses issued;  Total of 0 licenses in use)
LMSTAT DURING_A1_age10s | Users of 40040:  (Total of 999 licenses issued;  Total of 0 licenses in use)
LMSTAT DURING_A1_age10s | Users of 40500:  (Total of 999 licenses issued;  Total of 0 licenses in use)
LMSTAT DURING_A1_age10s | Users of 41000:  (Total of 999 licenses issued;  Total of 0 licenses in use)
LMSTAT DURING_A1_age10s | Users of 50000:  (Total of 999 licenses issued;  Total of 0 licenses in use)
LMSTAT DURING_A1_age10s | Users of 50010:  (Total of 999 licenses issued;  Total of 0 licenses in use)
LMSTAT DURING_A1_age10s | Users of 501:  (Total of 999 licenses issued;  Total of 0 licenses in use)
LMSTAT DURING_A1_age10s | Users of 50110:  (Total of 999 licenses issued;  Total of 0 licenses in use)
LMSTAT DURING_A1_age10s | Users of 50200:  (Total of 999 licenses issued;  Total of 0 licenses in use)
LMSTAT DURING_A1_age10s | Users of 51022:  (Total of 999 licenses issued;  Total of 0 licenses in use)
LMSTAT DURING_A1_age10s | Users of 51023:  (Total of 999 licenses issued;  Total of 0 licenses in use)
LMSTAT DURING_A1_age10s | Users of 51060:  (Total of 999 licenses issued;  Total of 0 licenses in use)
LMSTAT DURING_A1_age10s | Users of 51070:  (Total of 999 licenses issued;  Total of 0 licenses in use)
LMSTAT DURING_A1_age10s | Users of 51170:  (Total of 999 licenses issued;  Total of 0 licenses in use)
LMSTAT DURING_A1_age10s | Users of 550:  (Total of 999 licenses issued;  Total of 0 licenses in use)
LMSTAT DURING_A1_age10s | Users of 570:  (Total of 999 licenses issued;  Total of 0 licenses in use)
LMSTAT DURING_A1_age10s | Users of 61300:  (Total of 999 licenses issued;  Total of 0 licenses in use)
LMSTAT DURING_A1_age10s | Users of 61400:  (Total of 999 licenses issued;  Total of 0 licenses in use)
LMSTAT DURING_A1_age10s | Users of 920:  (Total of 999 licenses issued;  Total of 0 licenses in use)
LMSTAT DURING_A1_age10s | Users of 940:  (Total of 999 licenses issued;  Total of 0 licenses in use)
LMSTAT DURING_A1_age10s | Users of 945:  (Total of 999 licenses issued;  Total of 0 licenses in use)
LMSTAT DURING_A1_age10s | Users of 950:  (Total of 999 licenses issued;  Total of 0 licenses in use)
LMSTAT DURING_A1_age10s | Users of 960:  (Total of 999 licenses issued;  Total of 0 licenses in use)
LMSTAT DURING_A1_age10s | Users of 963:  (Total of 999 licenses issued;  Total of 0 licenses in use)
LMSTAT DURING_A1_age10s | Users of 964:  (Total of 999 licenses issued;  Total of 0 licenses in use)
LMSTAT DURING_A1_age10s | Users of 965:  (Total of 999 licenses issued;  Total of 0 licenses in use)
LMSTAT DURING_A1_age10s | Users of 966:  (Total of 999 licenses issued;  Total of 0 licenses in use)
LMSTAT DURING_A1_age10s | Users of 972:  (Total of 999 licenses issued;  Total of 0 licenses in use)
LMSTAT DURING_A1_age10s | Users of 974:  (Total of 999 licenses issued;  Total of 0 licenses in use)
LMSTAT DURING_A1_age10s | Users of 991:  (Total of 999 licenses issued;  Total of 0 licenses in use)
LMSTAT DURING_A1_age10s | Users of 994:  (Total of 999 licenses issued;  Total of 0 licenses in use)
LMSTAT DURING_A1_age10s | Users of 995:  (Total of 999 licenses issued;  Total of 0 licenses in use)
LMSTAT DURING_A1_age10s | Users of ABIT:  (Total of 1998 licenses issued;  Total of 0 licenses in use)
LMSTAT DURING_A1_age10s | Users of ALL_EBD:  (Total of 1998 licenses issued;  Total of 0 licenses in use)
LMSTAT DURING_A1_age10s | Users of AMD_MACH:  (Total of 1998 licenses issued;  Total of 0 licenses in use)
LMSTAT DURING_A1_age10s | Users of AMS_environment:  (Total of 1998 licenses issued;  Total of 0 licenses in use)
LMSTAT DURING_A1_age10s | Users of ANALOG_WORKBENCH:  (Total of 1998 licenses issued;  Total of 0 licenses in use)
LMSTAT DURING_A1_age10s | Users of APD:  (Total of 1998 licenses issued;  Total of 0 licenses in use)
LMSTAT DURING_A1_age10s | Users of APR-HPPA:  (Total of 1998 licenses issued;  Total of 0 licenses in use)
LMSTAT DURING_A1_age10s | Users of AWBAA:  (Total of 1998 licenses issued;  Total of 0 licenses in use)
LMSTAT DURING_A1_age10s | Users of AWBAdvancedAnalysis:  (Total of 1998 licenses issued;  Total of 0 licenses in use)
LMSTAT DURING_A1_age10s | Users of AWBSimulator:  (Total of 1998 licenses issued;  Total of 0 licenses in use)
LMSTAT DURING_A1_age10s | Users of AWB_BEHAVIOR:  (Total of 1998 licenses issued;  Total of 0 licenses in use)
LMSTAT DURING_A1_age10s | Users of AWB_Batch:  (Total of 1998 licenses issued;  Total of 0 licenses in use)
LMSTAT DURING_A1_age10s | Users of AWB_DIST_SIM:  (Total of 1998 licenses issued;  Total of 0 licenses in use)
LMSTAT DURING_A1_age10s | Users of AWB_MAGAZINE:  (Total of 1998 licenses issued;  Total of 0 licenses in use)
LMSTAT DURING_A1_age10s | Users of AWB_MAGNETICS:  (Total of 1998 licenses issued;  Total of 0 licenses in use)
LMSTAT DURING_A1_age10s | Users of AWB_MIX:  (Total of 1998 licenses issued;  Total of 0 licenses in use)
LMSTAT DURING_A1_age10s | Users of AWB_PPLOT:  (Total of 1998 licenses issued;  Total of 0 licenses in use)
LMSTAT DURING_A1_age10s | Users of AWB_RESOLVE_OPT:  (Total of 1998 licenses issued;  Total of 0 licenses in use)
LMSTAT DURING_A1_age10s | Users of AWB_SIMULATOR:  (Total of 1998 licenses issued;  Total of 0 licenses in use)
LMSTAT DURING_A1_age10s | Users of AWB_SMOKE:  (Total of 1998 licenses issued;  Total of 0 licenses in use)
LMSTAT DURING_A1_age10s | Users of AWB_SPICEPLUS:  (Total of 1998 licenses issued;  Total of 0 licenses in use)
LMSTAT DURING_A1_age10s | Users of AWB_STATS:  (Total of 1998 licenses issued;  Total of 0 licenses in use)
LMSTAT DURING_A1_age10s | Users of Advanced_Package_Designer:  (Total of 1998 licenses issued;  Total of 0 licenses in use)
LMSTAT DURING_A1_age10s | Users of Advanced_Pkg_Engineer_3D:  (Total of 1998 licenses issued;  Total of 0 licenses in use)
LMSTAT DURING_A1_age10s | Users of Affirma_3rdParty_Sim_Interface:  (Total of 1998 licenses issued;  Total of 0 licenses in use)
LMSTAT DURING_A1_age10s | Users of Affirma_AMS_distrib_processing:  (Total of 1998 licenses issued;  Total of 0 licenses in use)
LMSTAT DURING_A1_age10s | Users of Affirma_NC_Simulator:  (Total of 1998 licenses issued;  Total of 0 licenses in use)
LMSTAT DURING_A1_age10s | Users of Affirma_RF_IC_package_modeler:  (Total of 1998 licenses issued;  Total of 0 licenses in use)
LMSTAT DURING_A1_age10s | Users of Affirma_RF_SPW_model_link:  (Total of 1998 licenses issued;  Total of 0 licenses in use)
LMSTAT DURING_A1_age10s | Users of Affirma_accel_transistor_sim:  (Total of 1998 licenses issued;  Total of 0 licenses in use)
LMSTAT DURING_A1_age10s | Users of Affirma_advanced_analysis_env:  (Total of 1998 licenses issued;  Total of 0 licenses in use)
LMSTAT DURING_A1_age10s | Users of Affirma_equiv_checker_prep:  (Total of 1998 licenses issued;  Total of 0 licenses in use)
LMSTAT DURING_A1_age10s | Users of Affirma_equivalence_checker:  (Total of 1998 licenses issued;  Total of 0 licenses in use)
LMSTAT DURING_A1_age10s | Users of Affirma_model_checker:  (Total of 1998 licenses issued;  Total of 0 licenses in use)
LMSTAT DURING_A1_age10s | Users of Affirma_model_packager_export:  (Total of 1998 licenses issued;  Total of 0 licenses in use)
OPEN_READY probe_d_F1.brd: lck_holder=(59696, False) exclusive=True
TRIAL A1_age10s: lck_before=(59696, False)
TRIAL A1_age10s STARTUP: arcs=0 routes=0 markers=0 cur='unnamed' draw='unnamed' lic='ERROR RuntimeError(\'("sstatus" 0 t nil ("*Error* sstatus: too many arguments (2 expected, 3 given)" (format nil axlLicIsProductEnabled(\\\'all))))\')' err=None
TRIAL A1_age10s: EMPTY -> axlKillDesign + axlOpenDesign recovery attempt
TRIAL A1_age10s: axlKillDesign -> True
Skill response:0: UserWarning: PCB PR menu inserted.
TRIAL A1_age10s: axlOpenDesign retry -> None
TRIAL A1_age10s AFTER_KILL_REOPEN: arcs=0 routes=0 markers=0 cur='unnamed' draw='unnamed' lic='ERROR RuntimeError(\'("sstatus" 0 t nil ("*Error* sstatus: too many arguments (2 expected, 3 given)" (format nil axlLicIsProductEnabled(\\\'all))))\')' err=None
TRIAL A1_age10s: RESULT=EMPTY
TRIAL A1_age10s: exit=2 wall=50.8s
TRIAL A2_age60s: launching (age_at_launch=60.9s after F1 save)
OPEN_READY probe_d_F1.brd: lck_holder=(59696, False) exclusive=True
TRIAL A2_age60s: lck_before=(59696, False)
TRIAL A2_age60s STARTUP: arcs=0 routes=0 markers=0 cur='unnamed' draw='unnamed' lic='ERROR RuntimeError(\'("sstatus" 0 t nil ("*Error* sstatus: too many arguments (2 expected, 3 given)" (format nil axlLicIsProductEnabled(\\\'all))))\')' err=None
TRIAL A2_age60s: EMPTY -> axlKillDesign + axlOpenDesign recovery attempt
TRIAL A2_age60s: axlKillDesign -> True
Skill response:0: UserWarning: PCB PR menu inserted.
TRIAL A2_age60s: axlOpenDesign retry -> None
TRIAL A2_age60s AFTER_KILL_REOPEN: arcs=0 routes=0 markers=0 cur='unnamed' draw='unnamed' lic='ERROR RuntimeError(\'("sstatus" 0 t nil ("*Error* sstatus: too many arguments (2 expected, 3 given)" (format nil axlLicIsProductEnabled(\\\'all))))\')' err=None
TRIAL A2_age60s: RESULT=EMPTY
TRIAL A2_age60s: exit=2 wall=19.6s
PHASE1: sleeping 39.5s until F1 age 120s
TRIAL A3_age120s: launching (age_at_launch=120.0s after F1 save)
OPEN_READY probe_d_F1.brd: lck_holder=(59696, False) exclusive=True
TRIAL A3_age120s: lck_before=(59696, False)
TRIAL A3_age120s STARTUP: arcs=0 routes=0 markers=0 cur='unnamed' draw='unnamed' lic='ERROR RuntimeError(\'("sstatus" 0 t nil ("*Error* sstatus: too many arguments (2 expected, 3 given)" (format nil axlLicIsProductEnabled(\\\'all))))\')' err=None
TRIAL A3_age120s: EMPTY -> axlKillDesign + axlOpenDesign recovery attempt
TRIAL A3_age120s: axlKillDesign -> True
Skill response:0: UserWarning: PCB PR menu inserted.
TRIAL A3_age120s: axlOpenDesign retry -> None
TRIAL A3_age120s AFTER_KILL_REOPEN: arcs=0 routes=0 markers=0 cur='unnamed' draw='unnamed' lic='ERROR RuntimeError(\'("sstatus" 0 t nil ("*Error* sstatus: too many arguments (2 expected, 3 given)" (format nil axlLicIsProductEnabled(\\\'all))))\')' err=None
TRIAL A3_age120s: RESULT=EMPTY
TRIAL A3_age120s: exit=2 wall=19.8s
PHASE1: sleeping 40.2s until F1 age 180s
TRIAL A4_age180s: launching (age_at_launch=180.0s after F1 save)
OPEN_READY probe_d_F1.brd: lck_holder=(59696, False) exclusive=True
TRIAL A4_age180s: lck_before=(59696, False)
TRIAL A4_age180s STARTUP: arcs=0 routes=0 markers=0 cur='unnamed' draw='unnamed' lic='ERROR RuntimeError(\'("sstatus" 0 t nil ("*Error* sstatus: too many arguments (2 expected, 3 given)" (format nil axlLicIsProductEnabled(\\\'all))))\')' err=None
TRIAL A4_age180s: EMPTY -> axlKillDesign + axlOpenDesign recovery attempt
TRIAL A4_age180s: axlKillDesign -> True
Skill response:0: UserWarning: PCB PR menu inserted.
TRIAL A4_age180s: axlOpenDesign retry -> None
TRIAL A4_age180s AFTER_KILL_REOPEN: arcs=0 routes=0 markers=0 cur='unnamed' draw='unnamed' lic='ERROR RuntimeError(\'("sstatus" 0 t nil ("*Error* sstatus: too many arguments (2 expected, 3 given)" (format nil axlLicIsProductEnabled(\\\'all))))\')' err=None
TRIAL A4_age180s: RESULT=EMPTY
TRIAL A4_age180s: exit=2 wall=19.8s
PHASE1: sleeping 100.2s until F1 age 300s
TRIAL A5_age300s: launching (age_at_launch=300.0s after F1 save)
OPEN_READY probe_d_F1.brd: lck_holder=(59696, False) exclusive=True
TRIAL A5_age300s: lck_before=(59696, False)
TRIAL A5_age300s STARTUP: arcs=0 routes=0 markers=0 cur='unnamed' draw='unnamed' lic='ERROR RuntimeError(\'("sstatus" 0 t nil ("*Error* sstatus: too many arguments (2 expected, 3 given)" (format nil axlLicIsProductEnabled(\\\'all))))\')' err=None
TRIAL A5_age300s: EMPTY -> axlKillDesign + axlOpenDesign recovery attempt
TRIAL A5_age300s: axlKillDesign -> True
Skill response:0: UserWarning: PCB PR menu inserted.
TRIAL A5_age300s: axlOpenDesign retry -> None
TRIAL A5_age300s AFTER_KILL_REOPEN: arcs=0 routes=0 markers=0 cur='unnamed' draw='unnamed' lic='ERROR RuntimeError(\'("sstatus" 0 t nil ("*Error* sstatus: too many arguments (2 expected, 3 given)" (format nil axlLicIsProductEnabled(\\\'all))))\')' err=None
TRIAL A5_age300s: RESULT=EMPTY
TRIAL A5_age300s: exit=2 wall=25.1s
PHASE1: no success up to scheduled age 300s (actual 325.1s)
OPEN_READY probe_d_F1.brd: lck_holder=(59696, False) exclusive=True
P2OPEN F1: arcs=0 routes=0 markers=0
LIC P2: 'ERROR RuntimeError(\'("sstatus" 0 t nil ("*Error* sstatus: too many arguments (2 expected, 3 given)" (format nil axlLicIsProductEnabled(\\\'all))))\')'
SAVE F1B: result='probe_d_F1B' exists=True size=96408
F1B_SHA256 888ecc6aaa5f3fcf0123ee2603b9961c5cc67a670b2575df046c22f54666453b
F1_F1B_IDENTICAL False
GRACEFUL P2: pid=17036 natural_exit=False after=90.2s rc=None
LMSTAT POST_GRACEFUL_EXIT: rc=0 kept=871 lines
LMSTAT POST_GRACEFUL_EXIT | License server status: 5280@localhost
LMSTAT POST_GRACEFUL_EXIT |  localhost: license server UP v11.13.1
LMSTAT POST_GRACEFUL_EXIT | Vendor daemon status (on sz-baijunyan1):
LMSTAT POST_GRACEFUL_EXIT | Users of 100:  (Total of 999 licenses issued;  Total of 0 licenses in use)
LMSTAT POST_GRACEFUL_EXIT | Users of 111:  (Total of 999 licenses issued;  Total of 0 licenses in use)
LMSTAT POST_GRACEFUL_EXIT | Users of 11400:  (Total of 999 licenses issued;  Total of 0 licenses in use)
LMSTAT POST_GRACEFUL_EXIT | Users of 12141:  (Total of 999 licenses issued;  Total of 0 licenses in use)
LMSTAT POST_GRACEFUL_EXIT | Users of 12500:  (Total of 999 licenses issued;  Total of 0 licenses in use)
LMSTAT POST_GRACEFUL_EXIT | Users of 14000:  (Total of 999 licenses issued;  Total of 0 licenses in use)
LMSTAT POST_GRACEFUL_EXIT | Users of 14010:  (Total of 999 licenses issued;  Total of 0 licenses in use)
LMSTAT POST_GRACEFUL_EXIT | Users of 14020:  (Total of 999 licenses issued;  Total of 0 licenses in use)
LMSTAT POST_GRACEFUL_EXIT | Users of 14040:  (Total of 999 licenses issued;  Total of 0 licenses in use)
LMSTAT POST_GRACEFUL_EXIT | Users of 14101:  (Total of 999 licenses issued;  Total of 0 licenses in use)
LMSTAT POST_GRACEFUL_EXIT | Users of 14111:  (Total of 999 licenses issued;  Total of 0 licenses in use)
LMSTAT POST_GRACEFUL_EXIT | Users of 14120:  (Total of 999 licenses issued;  Total of 0 licenses in use)
LMSTAT POST_GRACEFUL_EXIT | Users of 14130:  (Total of 999 licenses issued;  Total of 0 licenses in use)
LMSTAT POST_GRACEFUL_EXIT | Users of 14140:  (Total of 999 licenses issued;  Total of 0 licenses in use)
LMSTAT POST_GRACEFUL_EXIT | Users of 14410:  (Total of 999 licenses issued;  Total of 0 licenses in use)
LMSTAT POST_GRACEFUL_EXIT | Users of 200:  (Total of 999 licenses issued;  Total of 0 licenses in use)
LMSTAT POST_GRACEFUL_EXIT | Users of 20120:  (Total of 999 licenses issued;  Total of 0 licenses in use)
LMSTAT POST_GRACEFUL_EXIT | Users of 20121:  (Total of 999 licenses issued;  Total of 0 licenses in use)
LMSTAT POST_GRACEFUL_EXIT | Users of 20122:  (Total of 999 licenses issued;  Total of 0 licenses in use)
LMSTAT POST_GRACEFUL_EXIT | Users of 20123:  (Total of 999 licenses issued;  Total of 0 licenses in use)
LMSTAT POST_GRACEFUL_EXIT | Users of 20124:  (Total of 999 licenses issued;  Total of 0 licenses in use)
LMSTAT POST_GRACEFUL_EXIT | Users of 20127:  (Total of 999 licenses issued;  Total of 0 licenses in use)
LMSTAT POST_GRACEFUL_EXIT | Users of 20128:  (Total of 999 licenses issued;  Total of 0 licenses in use)
LMSTAT POST_GRACEFUL_EXIT | Users of 20220:  (Total of 999 licenses issued;  Total of 0 licenses in use)
LMSTAT POST_GRACEFUL_EXIT | Users of 20221:  (Total of 999 licenses issued;  Total of 0 licenses in use)
LMSTAT POST_GRACEFUL_EXIT | Users of 20222:  (Total of 999 licenses issued;  Total of 0 licenses in use)
LMSTAT POST_GRACEFUL_EXIT | Users of 20227:  (Total of 999 licenses issued;  Total of 0 licenses in use)
LMSTAT POST_GRACEFUL_EXIT | Users of 206:  (Total of 999 licenses issued;  Total of 0 licenses in use)
LMSTAT POST_GRACEFUL_EXIT | Users of 207:  (Total of 999 licenses issued;  Total of 0 licenses in use)
LMSTAT POST_GRACEFUL_EXIT | Users of 21060:  (Total of 999 licenses issued;  Total of 0 licenses in use)
LMSTAT POST_GRACEFUL_EXIT | Users of 21200:  (Total of 999 licenses issued;  Total of 0 licenses in use)
LMSTAT POST_GRACEFUL_EXIT | Users of 21400:  (Total of 999 licenses issued;  Total of 0 licenses in use)
LMSTAT POST_GRACEFUL_EXIT | Users of 21900:  (Total of 999 licenses issued;  Total of 0 licenses in use)
LMSTAT POST_GRACEFUL_EXIT | Users of 21920:  (Total of 999 licenses issued;  Total of 0 licenses in use)
LMSTAT POST_GRACEFUL_EXIT | Users of 22650:  (Total of 999 licenses issued;  Total of 0 licenses in use)
LMSTAT POST_GRACEFUL_EXIT | Users of 22800:  (Total of 999 licenses issued;  Total of 0 licenses in use)
LMSTAT POST_GRACEFUL_EXIT | Users of 22810:  (Total of 999 licenses issued;  Total of 0 licenses in use)
LMSTAT POST_GRACEFUL_EXIT | Users of 24015:  (Total of 999 licenses issued;  Total of 0 licenses in use)
LMSTAT POST_GRACEFUL_EXIT | Users of 24025:  (Total of 999 licenses issued;  Total of 0 licenses in use)
LMSTAT POST_GRACEFUL_EXIT | Users of 24100:  (Total of 999 licenses issued;  Total of 0 licenses in use)
LMSTAT POST_GRACEFUL_EXIT | Users of 24205:  (Total of 999 licenses issued;  Total of 0 licenses in use)
LMSTAT POST_GRACEFUL_EXIT | Users of 250:  (Total of 999 licenses issued;  Total of 0 licenses in use)
LMSTAT POST_GRACEFUL_EXIT | Users of 251:  (Total of 999 licenses issued;  Total of 0 licenses in use)
LMSTAT POST_GRACEFUL_EXIT | Users of 26000:  (Total of 999 licenses issued;  Total of 0 licenses in use)
LMSTAT POST_GRACEFUL_EXIT | Users of 274:  (Total of 999 licenses issued;  Total of 0 licenses in use)
LMSTAT POST_GRACEFUL_EXIT | Users of 276:  (Total of 999 licenses issued;  Total of 0 licenses in use)
LMSTAT POST_GRACEFUL_EXIT | Users of 279:  (Total of 999 licenses issued;  Total of 0 licenses in use)
LMSTAT POST_GRACEFUL_EXIT | Users of 283:  (Total of 999 licenses issued;  Total of 0 licenses in use)
LMSTAT POST_GRACEFUL_EXIT | Users of 300:  (Total of 999 licenses issued;  Total of 0 licenses in use)
LMSTAT POST_GRACEFUL_EXIT | Users of 305:  (Total of 999 licenses issued;  Total of 0 licenses in use)
LMSTAT POST_GRACEFUL_EXIT | Users of 312:  (Total of 999 licenses issued;  Total of 0 licenses in use)
LMSTAT POST_GRACEFUL_EXIT | Users of 314:  (Total of 999 licenses issued;  Total of 0 licenses in use)
LMSTAT POST_GRACEFUL_EXIT | Users of 316:  (Total of 999 licenses issued;  Total of 0 licenses in use)
LMSTAT POST_GRACEFUL_EXIT | Users of 318:  (Total of 999 licenses issued;  Total of 0 licenses in use)
LMSTAT POST_GRACEFUL_EXIT | Users of 32140:  (Total of 999 licenses issued;  Total of 0 licenses in use)
LMSTAT POST_GRACEFUL_EXIT | Users of 32150:  (Total of 999 licenses issued;  Total of 0 licenses in use)
LMSTAT POST_GRACEFUL_EXIT | Users of 32190:  (Total of 999 licenses issued;  Total of 0 licenses in use)
LMSTAT POST_GRACEFUL_EXIT | Users of 322:  (Total of 999 licenses issued;  Total of 0 licenses in use)
LMSTAT POST_GRACEFUL_EXIT | Users of 32500:  (Total of 999 licenses issued;  Total of 0 licenses in use)
LMSTAT POST_GRACEFUL_EXIT | Users of 32501:  (Total of 999 licenses issued;  Total of 0 licenses in use)
LMSTAT POST_GRACEFUL_EXIT | Users of 32502:  (Total of 999 licenses issued;  Total of 0 licenses in use)
LMSTAT POST_GRACEFUL_EXIT | Users of 32510:  (Total of 999 licenses issued;  Total of 0 licenses in use)
LMSTAT POST_GRACEFUL_EXIT | Users of 32550:  (Total of 999 licenses issued;  Total of 0 licenses in use)
LMSTAT POST_GRACEFUL_EXIT | Users of 32600:  (Total of 999 licenses issued;  Total of 0 licenses in use)
LMSTAT POST_GRACEFUL_EXIT | Users of 32610:  (Total of 999 licenses issued;  Total of 0 licenses in use)
LMSTAT POST_GRACEFUL_EXIT | Users of 32620:  (Total of 999 licenses issued;  Total of 0 licenses in use)
LMSTAT POST_GRACEFUL_EXIT | Users of 32630:  (Total of 999 licenses issued;  Total of 0 licenses in use)
LMSTAT POST_GRACEFUL_EXIT | Users of 32640:  (Total of 999 licenses issued;  Total of 0 licenses in use)
LMSTAT POST_GRACEFUL_EXIT | Users of 32760:  (Total of 999 licenses issued;  Total of 0 licenses in use)
LMSTAT POST_GRACEFUL_EXIT | Users of 33010:  (Total of 999 licenses issued;  Total of 0 licenses in use)
LMSTAT POST_GRACEFUL_EXIT | Users of 33301:  (Total of 999 licenses issued;  Total of 0 licenses in use)
LMSTAT POST_GRACEFUL_EXIT | Users of 336:  (Total of 999 licenses issued;  Total of 0 licenses in use)
LMSTAT POST_GRACEFUL_EXIT | Users of 34500:  (Total of 999 licenses issued;  Total of 0 licenses in use)
LMSTAT POST_GRACEFUL_EXIT | Users of 34510:  (Total of 999 licenses issued;  Total of 0 licenses in use)
LMSTAT POST_GRACEFUL_EXIT | Users of 365:  (Total of 999 licenses issued;  Total of 0 licenses in use)
LMSTAT POST_GRACEFUL_EXIT | Users of 370:  (Total of 999 licenses issued;  Total of 0 licenses in use)
LMSTAT POST_GRACEFUL_EXIT | Users of 371:  (Total of 999 licenses issued;  Total of 0 licenses in use)
LMSTAT POST_GRACEFUL_EXIT | Users of 37100:  (Total of 999 licenses issued;  Total of 0 licenses in use)
LMSTAT POST_GRACEFUL_EXIT | Users of 373:  (Total of 999 licenses issued;  Total of 0 licenses in use)
LMSTAT POST_GRACEFUL_EXIT | Users of 40020:  (Total of 999 licenses issued;  Total of 0 licenses in use)
LMSTAT POST_GRACEFUL_EXIT | Users of 40030:  (Total of 999 licenses issued;  Total of 0 licenses in use)
LMSTAT POST_GRACEFUL_EXIT | Users of 40040:  (Total of 999 licenses issued;  Total of 0 licenses in use)
LMSTAT POST_GRACEFUL_EXIT | Users of 40500:  (Total of 999 licenses issued;  Total of 0 licenses in use)
LMSTAT POST_GRACEFUL_EXIT | Users of 41000:  (Total of 999 licenses issued;  Total of 0 licenses in use)
LMSTAT POST_GRACEFUL_EXIT | Users of 50000:  (Total of 999 licenses issued;  Total of 0 licenses in use)
LMSTAT POST_GRACEFUL_EXIT | Users of 50010:  (Total of 999 licenses issued;  Total of 0 licenses in use)
LMSTAT POST_GRACEFUL_EXIT | Users of 501:  (Total of 999 licenses issued;  Total of 0 licenses in use)
LMSTAT POST_GRACEFUL_EXIT | Users of 50110:  (Total of 999 licenses issued;  Total of 0 licenses in use)
LMSTAT POST_GRACEFUL_EXIT | Users of 50200:  (Total of 999 licenses issued;  Total of 0 licenses in use)
LMSTAT POST_GRACEFUL_EXIT | Users of 51022:  (Total of 999 licenses issued;  Total of 0 licenses in use)
LMSTAT POST_GRACEFUL_EXIT | Users of 51023:  (Total of 999 licenses issued;  Total of 0 licenses in use)
LMSTAT POST_GRACEFUL_EXIT | Users of 51060:  (Total of 999 licenses issued;  Total of 0 licenses in use)
LMSTAT POST_GRACEFUL_EXIT | Users of 51070:  (Total of 999 licenses issued;  Total of 0 licenses in use)
LMSTAT POST_GRACEFUL_EXIT | Users of 51170:  (Total of 999 licenses issued;  Total of 0 licenses in use)
LMSTAT POST_GRACEFUL_EXIT | Users of 550:  (Total of 999 licenses issued;  Total of 0 licenses in use)
LMSTAT POST_GRACEFUL_EXIT | Users of 570:  (Total of 999 licenses issued;  Total of 0 licenses in use)
LMSTAT POST_GRACEFUL_EXIT | Users of 61300:  (Total of 999 licenses issued;  Total of 0 licenses in use)
LMSTAT POST_GRACEFUL_EXIT | Users of 61400:  (Total of 999 licenses issued;  Total of 0 licenses in use)
LMSTAT POST_GRACEFUL_EXIT | Users of 920:  (Total of 999 licenses issued;  Total of 0 licenses in use)
LMSTAT POST_GRACEFUL_EXIT | Users of 940:  (Total of 999 licenses issued;  Total of 0 licenses in use)
LMSTAT POST_GRACEFUL_EXIT | Users of 945:  (Total of 999 licenses issued;  Total of 0 licenses in use)
LMSTAT POST_GRACEFUL_EXIT | Users of 950:  (Total of 999 licenses issued;  Total of 0 licenses in use)
LMSTAT POST_GRACEFUL_EXIT | Users of 960:  (Total of 999 licenses issued;  Total of 0 licenses in use)
LMSTAT POST_GRACEFUL_EXIT | Users of 963:  (Total of 999 licenses issued;  Total of 0 licenses in use)
LMSTAT POST_GRACEFUL_EXIT | Users of 964:  (Total of 999 licenses issued;  Total of 0 licenses in use)
LMSTAT POST_GRACEFUL_EXIT | Users of 965:  (Total of 999 licenses issued;  Total of 0 licenses in use)
LMSTAT POST_GRACEFUL_EXIT | Users of 966:  (Total of 999 licenses issued;  Total of 0 licenses in use)
LMSTAT POST_GRACEFUL_EXIT | Users of 972:  (Total of 999 licenses issued;  Total of 0 licenses in use)
LMSTAT POST_GRACEFUL_EXIT | Users of 974:  (Total of 999 licenses issued;  Total of 0 licenses in use)
LMSTAT POST_GRACEFUL_EXIT | Users of 991:  (Total of 999 licenses issued;  Total of 0 licenses in use)
LMSTAT POST_GRACEFUL_EXIT | Users of 994:  (Total of 999 licenses issued;  Total of 0 licenses in use)
LMSTAT POST_GRACEFUL_EXIT | Users of 995:  (Total of 999 licenses issued;  Total of 0 licenses in use)
LMSTAT POST_GRACEFUL_EXIT | Users of ABIT:  (Total of 1998 licenses issued;  Total of 0 licenses in use)
LMSTAT POST_GRACEFUL_EXIT | Users of ALL_EBD:  (Total of 1998 licenses issued;  Total of 0 licenses in use)
LMSTAT POST_GRACEFUL_EXIT | Users of AMD_MACH:  (Total of 1998 licenses issued;  Total of 0 licenses in use)
LMSTAT POST_GRACEFUL_EXIT | Users of AMS_environment:  (Total of 1998 licenses issued;  Total of 0 licenses in use)
LMSTAT POST_GRACEFUL_EXIT | Users of ANALOG_WORKBENCH:  (Total of 1998 licenses issued;  Total of 0 licenses in use)
LMSTAT POST_GRACEFUL_EXIT | Users of APD:  (Total of 1998 licenses issued;  Total of 0 licenses in use)
LMSTAT POST_GRACEFUL_EXIT | Users of APR-HPPA:  (Total of 1998 licenses issued;  Total of 0 licenses in use)
LMSTAT POST_GRACEFUL_EXIT | Users of AWBAA:  (Total of 1998 licenses issued;  Total of 0 licenses in use)
LMSTAT POST_GRACEFUL_EXIT | Users of AWBAdvancedAnalysis:  (Total of 1998 licenses issued;  Total of 0 licenses in use)
LMSTAT POST_GRACEFUL_EXIT | Users of AWBSimulator:  (Total of 1998 licenses issued;  Total of 0 licenses in use)
LMSTAT POST_GRACEFUL_EXIT | Users of AWB_BEHAVIOR:  (Total of 1998 licenses issued;  Total of 0 licenses in use)
LMSTAT POST_GRACEFUL_EXIT | Users of AWB_Batch:  (Total of 1998 licenses issued;  Total of 0 licenses in use)
LMSTAT POST_GRACEFUL_EXIT | Users of AWB_DIST_SIM:  (Total of 1998 licenses issued;  Total of 0 licenses in use)
LMSTAT POST_GRACEFUL_EXIT | Users of AWB_MAGAZINE:  (Total of 1998 licenses issued;  Total of 0 licenses in use)
LMSTAT POST_GRACEFUL_EXIT | Users of AWB_MAGNETICS:  (Total of 1998 licenses issued;  Total of 0 licenses in use)
LMSTAT POST_GRACEFUL_EXIT | Users of AWB_MIX:  (Total of 1998 licenses issued;  Total of 0 licenses in use)
LMSTAT POST_GRACEFUL_EXIT | Users of AWB_PPLOT:  (Total of 1998 licenses issued;  Total of 0 licenses in use)
LMSTAT POST_GRACEFUL_EXIT | Users of AWB_RESOLVE_OPT:  (Total of 1998 licenses issued;  Total of 0 licenses in use)
LMSTAT POST_GRACEFUL_EXIT | Users of AWB_SIMULATOR:  (Total of 1998 licenses issued;  Total of 0 licenses in use)
LMSTAT POST_GRACEFUL_EXIT | Users of AWB_SMOKE:  (Total of 1998 licenses issued;  Total of 0 licenses in use)
LMSTAT POST_GRACEFUL_EXIT | Users of AWB_SPICEPLUS:  (Total of 1998 licenses issued;  Total of 0 licenses in use)
LMSTAT POST_GRACEFUL_EXIT | Users of AWB_STATS:  (Total of 1998 licenses issued;  Total of 0 licenses in use)
LMSTAT POST_GRACEFUL_EXIT | Users of Advanced_Package_Designer:  (Total of 1998 licenses issued;  Total of 0 licenses in use)
LMSTAT POST_GRACEFUL_EXIT | Users of Advanced_Pkg_Engineer_3D:  (Total of 1998 licenses issued;  Total of 0 licenses in use)
LMSTAT POST_GRACEFUL_EXIT | Users of Affirma_3rdParty_Sim_Interface:  (Total of 1998 licenses issued;  Total of 0 licenses in use)
LMSTAT POST_GRACEFUL_EXIT | Users of Affirma_AMS_distrib_processing:  (Total of 1998 licenses issued;  Total of 0 licenses in use)
LMSTAT POST_GRACEFUL_EXIT | Users of Affirma_NC_Simulator:  (Total of 1998 licenses issued;  Total of 0 licenses in use)
LMSTAT POST_GRACEFUL_EXIT | Users of Affirma_RF_IC_package_modeler:  (Total of 1998 licenses issued;  Total of 0 licenses in use)
LMSTAT POST_GRACEFUL_EXIT | Users of Affirma_RF_SPW_model_link:  (Total of 1998 licenses issued;  Total of 0 licenses in use)
LMSTAT POST_GRACEFUL_EXIT | Users of Affirma_accel_transistor_sim:  (Total of 1998 licenses issued;  Total of 0 licenses in use)
LMSTAT POST_GRACEFUL_EXIT | Users of Affirma_advanced_analysis_env:  (Total of 1998 licenses issued;  Total of 0 licenses in use)
LMSTAT POST_GRACEFUL_EXIT | Users of Affirma_equiv_checker_prep:  (Total of 1998 licenses issued;  Total of 0 licenses in use)
LMSTAT POST_GRACEFUL_EXIT | Users of Affirma_equivalence_checker:  (Total of 1998 licenses issued;  Total of 0 licenses in use)
LMSTAT POST_GRACEFUL_EXIT | Users of Affirma_model_checker:  (Total of 1998 licenses issued;  Total of 0 licenses in use)
LMSTAT POST_GRACEFUL_EXIT | Users of Affirma_model_packager_export:  (Total of 1998 licenses issued;  Total of 0 licenses in use)
TRIAL G1_graceful_age10s: launching (age_at_launch=91.7s after F1B save)
LMSTAT DURING_G1_graceful_age10s: rc=0 kept=871 lines
LMSTAT DURING_G1_graceful_age10s | License server status: 5280@localhost
LMSTAT DURING_G1_graceful_age10s |  localhost: license server UP v11.13.1
LMSTAT DURING_G1_graceful_age10s | Vendor daemon status (on sz-baijunyan1):
LMSTAT DURING_G1_graceful_age10s | Users of 100:  (Total of 999 licenses issued;  Total of 0 licenses in use)
LMSTAT DURING_G1_graceful_age10s | Users of 111:  (Total of 999 licenses issued;  Total of 0 licenses in use)
LMSTAT DURING_G1_graceful_age10s | Users of 11400:  (Total of 999 licenses issued;  Total of 0 licenses in use)
LMSTAT DURING_G1_graceful_age10s | Users of 12141:  (Total of 999 licenses issued;  Total of 0 licenses in use)
LMSTAT DURING_G1_graceful_age10s | Users of 12500:  (Total of 999 licenses issued;  Total of 0 licenses in use)
LMSTAT DURING_G1_graceful_age10s | Users of 14000:  (Total of 999 licenses issued;  Total of 0 licenses in use)
LMSTAT DURING_G1_graceful_age10s | Users of 14010:  (Total of 999 licenses issued;  Total of 0 licenses in use)
LMSTAT DURING_G1_graceful_age10s | Users of 14020:  (Total of 999 licenses issued;  Total of 0 licenses in use)
LMSTAT DURING_G1_graceful_age10s | Users of 14040:  (Total of 999 licenses issued;  Total of 0 licenses in use)
LMSTAT DURING_G1_graceful_age10s | Users of 14101:  (Total of 999 licenses issued;  Total of 0 licenses in use)
LMSTAT DURING_G1_graceful_age10s | Users of 14111:  (Total of 999 licenses issued;  Total of 0 licenses in use)
LMSTAT DURING_G1_graceful_age10s | Users of 14120:  (Total of 999 licenses issued;  Total of 0 licenses in use)
LMSTAT DURING_G1_graceful_age10s | Users of 14130:  (Total of 999 licenses issued;  Total of 0 licenses in use)
LMSTAT DURING_G1_graceful_age10s | Users of 14140:  (Total of 999 licenses issued;  Total of 0 licenses in use)
LMSTAT DURING_G1_graceful_age10s | Users of 14410:  (Total of 999 licenses issued;  Total of 0 licenses in use)
LMSTAT DURING_G1_graceful_age10s | Users of 200:  (Total of 999 licenses issued;  Total of 0 licenses in use)
LMSTAT DURING_G1_graceful_age10s | Users of 20120:  (Total of 999 licenses issued;  Total of 0 licenses in use)
LMSTAT DURING_G1_graceful_age10s | Users of 20121:  (Total of 999 licenses issued;  Total of 0 licenses in use)
LMSTAT DURING_G1_graceful_age10s | Users of 20122:  (Total of 999 licenses issued;  Total of 0 licenses in use)
LMSTAT DURING_G1_graceful_age10s | Users of 20123:  (Total of 999 licenses issued;  Total of 0 licenses in use)
LMSTAT DURING_G1_graceful_age10s | Users of 20124:  (Total of 999 licenses issued;  Total of 0 licenses in use)
LMSTAT DURING_G1_graceful_age10s | Users of 20127:  (Total of 999 licenses issued;  Total of 0 licenses in use)
LMSTAT DURING_G1_graceful_age10s | Users of 20128:  (Total of 999 licenses issued;  Total of 0 licenses in use)
LMSTAT DURING_G1_graceful_age10s | Users of 20220:  (Total of 999 licenses issued;  Total of 0 licenses in use)
LMSTAT DURING_G1_graceful_age10s | Users of 20221:  (Total of 999 licenses issued;  Total of 0 licenses in use)
LMSTAT DURING_G1_graceful_age10s | Users of 20222:  (Total of 999 licenses issued;  Total of 0 licenses in use)
LMSTAT DURING_G1_graceful_age10s | Users of 20227:  (Total of 999 licenses issued;  Total of 0 licenses in use)
LMSTAT DURING_G1_graceful_age10s | Users of 206:  (Total of 999 licenses issued;  Total of 0 licenses in use)
LMSTAT DURING_G1_graceful_age10s | Users of 207:  (Total of 999 licenses issued;  Total of 0 licenses in use)
LMSTAT DURING_G1_graceful_age10s | Users of 21060:  (Total of 999 licenses issued;  Total of 0 licenses in use)
LMSTAT DURING_G1_graceful_age10s | Users of 21200:  (Total of 999 licenses issued;  Total of 0 licenses in use)
LMSTAT DURING_G1_graceful_age10s | Users of 21400:  (Total of 999 licenses issued;  Total of 0 licenses in use)
LMSTAT DURING_G1_graceful_age10s | Users of 21900:  (Total of 999 licenses issued;  Total of 0 licenses in use)
LMSTAT DURING_G1_graceful_age10s | Users of 21920:  (Total of 999 licenses issued;  Total of 0 licenses in use)
LMSTAT DURING_G1_graceful_age10s | Users of 22650:  (Total of 999 licenses issued;  Total of 0 licenses in use)
LMSTAT DURING_G1_graceful_age10s | Users of 22800:  (Total of 999 licenses issued;  Total of 0 licenses in use)
LMSTAT DURING_G1_graceful_age10s | Users of 22810:  (Total of 999 licenses issued;  Total of 0 licenses in use)
LMSTAT DURING_G1_graceful_age10s | Users of 24015:  (Total of 999 licenses issued;  Total of 0 licenses in use)
LMSTAT DURING_G1_graceful_age10s | Users of 24025:  (Total of 999 licenses issued;  Total of 0 licenses in use)
LMSTAT DURING_G1_graceful_age10s | Users of 24100:  (Total of 999 licenses issued;  Total of 0 licenses in use)
LMSTAT DURING_G1_graceful_age10s | Users of 24205:  (Total of 999 licenses issued;  Total of 0 licenses in use)
LMSTAT DURING_G1_graceful_age10s | Users of 250:  (Total of 999 licenses issued;  Total of 0 licenses in use)
LMSTAT DURING_G1_graceful_age10s | Users of 251:  (Total of 999 licenses issued;  Total of 0 licenses in use)
LMSTAT DURING_G1_graceful_age10s | Users of 26000:  (Total of 999 licenses issued;  Total of 0 licenses in use)
LMSTAT DURING_G1_graceful_age10s | Users of 274:  (Total of 999 licenses issued;  Total of 0 licenses in use)
LMSTAT DURING_G1_graceful_age10s | Users of 276:  (Total of 999 licenses issued;  Total of 0 licenses in use)
LMSTAT DURING_G1_graceful_age10s | Users of 279:  (Total of 999 licenses issued;  Total of 0 licenses in use)
LMSTAT DURING_G1_graceful_age10s | Users of 283:  (Total of 999 licenses issued;  Total of 0 licenses in use)
LMSTAT DURING_G1_graceful_age10s | Users of 300:  (Total of 999 licenses issued;  Total of 0 licenses in use)
LMSTAT DURING_G1_graceful_age10s | Users of 305:  (Total of 999 licenses issued;  Total of 0 licenses in use)
LMSTAT DURING_G1_graceful_age10s | Users of 312:  (Total of 999 licenses issued;  Total of 0 licenses in use)
LMSTAT DURING_G1_graceful_age10s | Users of 314:  (Total of 999 licenses issued;  Total of 0 licenses in use)
LMSTAT DURING_G1_graceful_age10s | Users of 316:  (Total of 999 licenses issued;  Total of 0 licenses in use)
LMSTAT DURING_G1_graceful_age10s | Users of 318:  (Total of 999 licenses issued;  Total of 0 licenses in use)
LMSTAT DURING_G1_graceful_age10s | Users of 32140:  (Total of 999 licenses issued;  Total of 0 licenses in use)
LMSTAT DURING_G1_graceful_age10s | Users of 32150:  (Total of 999 licenses issued;  Total of 0 licenses in use)
LMSTAT DURING_G1_graceful_age10s | Users of 32190:  (Total of 999 licenses issued;  Total of 0 licenses in use)
LMSTAT DURING_G1_graceful_age10s | Users of 322:  (Total of 999 licenses issued;  Total of 0 licenses in use)
LMSTAT DURING_G1_graceful_age10s | Users of 32500:  (Total of 999 licenses issued;  Total of 0 licenses in use)
LMSTAT DURING_G1_graceful_age10s | Users of 32501:  (Total of 999 licenses issued;  Total of 0 licenses in use)
LMSTAT DURING_G1_graceful_age10s | Users of 32502:  (Total of 999 licenses issued;  Total of 0 licenses in use)
LMSTAT DURING_G1_graceful_age10s | Users of 32510:  (Total of 999 licenses issued;  Total of 0 licenses in use)
LMSTAT DURING_G1_graceful_age10s | Users of 32550:  (Total of 999 licenses issued;  Total of 0 licenses in use)
LMSTAT DURING_G1_graceful_age10s | Users of 32600:  (Total of 999 licenses issued;  Total of 0 licenses in use)
LMSTAT DURING_G1_graceful_age10s | Users of 32610:  (Total of 999 licenses issued;  Total of 0 licenses in use)
LMSTAT DURING_G1_graceful_age10s | Users of 32620:  (Total of 999 licenses issued;  Total of 0 licenses in use)
LMSTAT DURING_G1_graceful_age10s | Users of 32630:  (Total of 999 licenses issued;  Total of 0 licenses in use)
LMSTAT DURING_G1_graceful_age10s | Users of 32640:  (Total of 999 licenses issued;  Total of 0 licenses in use)
LMSTAT DURING_G1_graceful_age10s | Users of 32760:  (Total of 999 licenses issued;  Total of 0 licenses in use)
LMSTAT DURING_G1_graceful_age10s | Users of 33010:  (Total of 999 licenses issued;  Total of 0 licenses in use)
LMSTAT DURING_G1_graceful_age10s | Users of 33301:  (Total of 999 licenses issued;  Total of 0 licenses in use)
LMSTAT DURING_G1_graceful_age10s | Users of 336:  (Total of 999 licenses issued;  Total of 0 licenses in use)
LMSTAT DURING_G1_graceful_age10s | Users of 34500:  (Total of 999 licenses issued;  Total of 0 licenses in use)
LMSTAT DURING_G1_graceful_age10s | Users of 34510:  (Total of 999 licenses issued;  Total of 0 licenses in use)
LMSTAT DURING_G1_graceful_age10s | Users of 365:  (Total of 999 licenses issued;  Total of 0 licenses in use)
LMSTAT DURING_G1_graceful_age10s | Users of 370:  (Total of 999 licenses issued;  Total of 0 licenses in use)
LMSTAT DURING_G1_graceful_age10s | Users of 371:  (Total of 999 licenses issued;  Total of 0 licenses in use)
LMSTAT DURING_G1_graceful_age10s | Users of 37100:  (Total of 999 licenses issued;  Total of 0 licenses in use)
LMSTAT DURING_G1_graceful_age10s | Users of 373:  (Total of 999 licenses issued;  Total of 0 licenses in use)
LMSTAT DURING_G1_graceful_age10s | Users of 40020:  (Total of 999 licenses issued;  Total of 0 licenses in use)
LMSTAT DURING_G1_graceful_age10s | Users of 40030:  (Total of 999 licenses issued;  Total of 0 licenses in use)
LMSTAT DURING_G1_graceful_age10s | Users of 40040:  (Total of 999 licenses issued;  Total of 0 licenses in use)
LMSTAT DURING_G1_graceful_age10s | Users of 40500:  (Total of 999 licenses issued;  Total of 0 licenses in use)
LMSTAT DURING_G1_graceful_age10s | Users of 41000:  (Total of 999 licenses issued;  Total of 0 licenses in use)
LMSTAT DURING_G1_graceful_age10s | Users of 50000:  (Total of 999 licenses issued;  Total of 0 licenses in use)
LMSTAT DURING_G1_graceful_age10s | Users of 50010:  (Total of 999 licenses issued;  Total of 0 licenses in use)
LMSTAT DURING_G1_graceful_age10s | Users of 501:  (Total of 999 licenses issued;  Total of 0 licenses in use)
LMSTAT DURING_G1_graceful_age10s | Users of 50110:  (Total of 999 licenses issued;  Total of 0 licenses in use)
LMSTAT DURING_G1_graceful_age10s | Users of 50200:  (Total of 999 licenses issued;  Total of 0 licenses in use)
LMSTAT DURING_G1_graceful_age10s | Users of 51022:  (Total of 999 licenses issued;  Total of 0 licenses in use)
LMSTAT DURING_G1_graceful_age10s | Users of 51023:  (Total of 999 licenses issued;  Total of 0 licenses in use)
LMSTAT DURING_G1_graceful_age10s | Users of 51060:  (Total of 999 licenses issued;  Total of 0 licenses in use)
LMSTAT DURING_G1_graceful_age10s | Users of 51070:  (Total of 999 licenses issued;  Total of 0 licenses in use)
LMSTAT DURING_G1_graceful_age10s | Users of 51170:  (Total of 999 licenses issued;  Total of 0 licenses in use)
LMSTAT DURING_G1_graceful_age10s | Users of 550:  (Total of 999 licenses issued;  Total of 0 licenses in use)
LMSTAT DURING_G1_graceful_age10s | Users of 570:  (Total of 999 licenses issued;  Total of 0 licenses in use)
LMSTAT DURING_G1_graceful_age10s | Users of 61300:  (Total of 999 licenses issued;  Total of 0 licenses in use)
LMSTAT DURING_G1_graceful_age10s | Users of 61400:  (Total of 999 licenses issued;  Total of 0 licenses in use)
LMSTAT DURING_G1_graceful_age10s | Users of 920:  (Total of 999 licenses issued;  Total of 0 licenses in use)
LMSTAT DURING_G1_graceful_age10s | Users of 940:  (Total of 999 licenses issued;  Total of 0 licenses in use)
LMSTAT DURING_G1_graceful_age10s | Users of 945:  (Total of 999 licenses issued;  Total of 0 licenses in use)
LMSTAT DURING_G1_graceful_age10s | Users of 950:  (Total of 999 licenses issued;  Total of 0 licenses in use)
LMSTAT DURING_G1_graceful_age10s | Users of 960:  (Total of 999 licenses issued;  Total of 0 licenses in use)
LMSTAT DURING_G1_graceful_age10s | Users of 963:  (Total of 999 licenses issued;  Total of 0 licenses in use)
LMSTAT DURING_G1_graceful_age10s | Users of 964:  (Total of 999 licenses issued;  Total of 0 licenses in use)
LMSTAT DURING_G1_graceful_age10s | Users of 965:  (Total of 999 licenses issued;  Total of 0 licenses in use)
LMSTAT DURING_G1_graceful_age10s | Users of 966:  (Total of 999 licenses issued;  Total of 0 licenses in use)
LMSTAT DURING_G1_graceful_age10s | Users of 972:  (Total of 999 licenses issued;  Total of 0 licenses in use)
LMSTAT DURING_G1_graceful_age10s | Users of 974:  (Total of 999 licenses issued;  Total of 0 licenses in use)
LMSTAT DURING_G1_graceful_age10s | Users of 991:  (Total of 999 licenses issued;  Total of 0 licenses in use)
LMSTAT DURING_G1_graceful_age10s | Users of 994:  (Total of 999 licenses issued;  Total of 0 licenses in use)
LMSTAT DURING_G1_graceful_age10s | Users of 995:  (Total of 999 licenses issued;  Total of 0 licenses in use)
LMSTAT DURING_G1_graceful_age10s | Users of ABIT:  (Total of 1998 licenses issued;  Total of 0 licenses in use)
LMSTAT DURING_G1_graceful_age10s | Users of ALL_EBD:  (Total of 1998 licenses issued;  Total of 0 licenses in use)
LMSTAT DURING_G1_graceful_age10s | Users of AMD_MACH:  (Total of 1998 licenses issued;  Total of 0 licenses in use)
LMSTAT DURING_G1_graceful_age10s | Users of AMS_environment:  (Total of 1998 licenses issued;  Total of 0 licenses in use)
LMSTAT DURING_G1_graceful_age10s | Users of ANALOG_WORKBENCH:  (Total of 1998 licenses issued;  Total of 0 licenses in use)
LMSTAT DURING_G1_graceful_age10s | Users of APD:  (Total of 1998 licenses issued;  Total of 0 licenses in use)
LMSTAT DURING_G1_graceful_age10s | Users of APR-HPPA:  (Total of 1998 licenses issued;  Total of 0 licenses in use)
LMSTAT DURING_G1_graceful_age10s | Users of AWBAA:  (Total of 1998 licenses issued;  Total of 0 licenses in use)
LMSTAT DURING_G1_graceful_age10s | Users of AWBAdvancedAnalysis:  (Total of 1998 licenses issued;  Total of 0 licenses in use)
LMSTAT DURING_G1_graceful_age10s | Users of AWBSimulator:  (Total of 1998 licenses issued;  Total of 0 licenses in use)
LMSTAT DURING_G1_graceful_age10s | Users of AWB_BEHAVIOR:  (Total of 1998 licenses issued;  Total of 0 licenses in use)
LMSTAT DURING_G1_graceful_age10s | Users of AWB_Batch:  (Total of 1998 licenses issued;  Total of 0 licenses in use)
LMSTAT DURING_G1_graceful_age10s | Users of AWB_DIST_SIM:  (Total of 1998 licenses issued;  Total of 0 licenses in use)
LMSTAT DURING_G1_graceful_age10s | Users of AWB_MAGAZINE:  (Total of 1998 licenses issued;  Total of 0 licenses in use)
LMSTAT DURING_G1_graceful_age10s | Users of AWB_MAGNETICS:  (Total of 1998 licenses issued;  Total of 0 licenses in use)
LMSTAT DURING_G1_graceful_age10s | Users of AWB_MIX:  (Total of 1998 licenses issued;  Total of 0 licenses in use)
LMSTAT DURING_G1_graceful_age10s | Users of AWB_PPLOT:  (Total of 1998 licenses issued;  Total of 0 licenses in use)
LMSTAT DURING_G1_graceful_age10s | Users of AWB_RESOLVE_OPT:  (Total of 1998 licenses issued;  Total of 0 licenses in use)
LMSTAT DURING_G1_graceful_age10s | Users of AWB_SIMULATOR:  (Total of 1998 licenses issued;  Total of 0 licenses in use)
LMSTAT DURING_G1_graceful_age10s | Users of AWB_SMOKE:  (Total of 1998 licenses issued;  Total of 0 licenses in use)
LMSTAT DURING_G1_graceful_age10s | Users of AWB_SPICEPLUS:  (Total of 1998 licenses issued;  Total of 0 licenses in use)
LMSTAT DURING_G1_graceful_age10s | Users of AWB_STATS:  (Total of 1998 licenses issued;  Total of 0 licenses in use)
LMSTAT DURING_G1_graceful_age10s | Users of Advanced_Package_Designer:  (Total of 1998 licenses issued;  Total of 0 licenses in use)
LMSTAT DURING_G1_graceful_age10s | Users of Advanced_Pkg_Engineer_3D:  (Total of 1998 licenses issued;  Total of 0 licenses in use)
LMSTAT DURING_G1_graceful_age10s | Users of Affirma_3rdParty_Sim_Interface:  (Total of 1998 licenses issued;  Total of 0 licenses in use)
LMSTAT DURING_G1_graceful_age10s | Users of Affirma_AMS_distrib_processing:  (Total of 1998 licenses issued;  Total of 0 licenses in use)
LMSTAT DURING_G1_graceful_age10s | Users of Affirma_NC_Simulator:  (Total of 1998 licenses issued;  Total of 0 licenses in use)
LMSTAT DURING_G1_graceful_age10s | Users of Affirma_RF_IC_package_modeler:  (Total of 1998 licenses issued;  Total of 0 licenses in use)
LMSTAT DURING_G1_graceful_age10s | Users of Affirma_RF_SPW_model_link:  (Total of 1998 licenses issued;  Total of 0 licenses in use)
LMSTAT DURING_G1_graceful_age10s | Users of Affirma_accel_transistor_sim:  (Total of 1998 licenses issued;  Total of 0 licenses in use)
LMSTAT DURING_G1_graceful_age10s | Users of Affirma_advanced_analysis_env:  (Total of 1998 licenses issued;  Total of 0 licenses in use)
LMSTAT DURING_G1_graceful_age10s | Users of Affirma_equiv_checker_prep:  (Total of 1998 licenses issued;  Total of 0 licenses in use)
LMSTAT DURING_G1_graceful_age10s | Users of Affirma_equivalence_checker:  (Total of 1998 licenses issued;  Total of 0 licenses in use)
LMSTAT DURING_G1_graceful_age10s | Users of Affirma_model_checker:  (Total of 1998 licenses issued;  Total of 0 licenses in use)
LMSTAT DURING_G1_graceful_age10s | Users of Affirma_model_packager_export:  (Total of 1998 licenses issued;  Total of 0 licenses in use)
OPEN_READY probe_d_F1B.brd: lck_holder=(17036, False) exclusive=True
TRIAL G1_graceful_age10s: lck_before=(17036, False)
TRIAL G1_graceful_age10s STARTUP: arcs=0 routes=0 markers=0 cur='unnamed' draw='unnamed' lic='ERROR RuntimeError(\'("sstatus" 0 t nil ("*Error* sstatus: too many arguments (2 expected, 3 given)" (format nil axlLicIsProductEnabled(\\\'all))))\')' err=None
TRIAL G1_graceful_age10s: EMPTY -> axlKillDesign + axlOpenDesign recovery attempt
TRIAL G1_graceful_age10s: axlKillDesign -> True
Skill response:0: UserWarning: PCB PR menu inserted.
TRIAL G1_graceful_age10s: axlOpenDesign retry -> None
TRIAL G1_graceful_age10s AFTER_KILL_REOPEN: arcs=0 routes=0 markers=0 cur='unnamed' draw='unnamed' lic='ERROR RuntimeError(\'("sstatus" 0 t nil ("*Error* sstatus: too many arguments (2 expected, 3 given)" (format nil axlLicIsProductEnabled(\\\'all))))\')' err=None
TRIAL G1_graceful_age10s: RESULT=EMPTY
TRIAL G1_graceful_age10s: exit=2 wall=51.2s
SUMMARY
SUMMARY PHASE1_first_ok_age=None
SUMMARY PHASE2_graceful_attempt_ok=False
SUMMARY interpretation: compare A1 (terminate exit, F1 age ~10s) vs G1 (graceful exit, F1B age ~10s); equal ages isolate the exit method
WORKDIR_KEEP C:\Users\BAIJUN~1\AppData\Local\Temp\drc-probe-timing-ehqg69g3
